Archive member included because of file (symbol)

/usr/lib/gcc/avr/4.7.2/avr4/libgcc.a(_udivmodhi4.o)
                              LCD.o (__udivmodhi4)
/usr/lib/gcc/avr/4.7.2/avr4/libgcc.a(_exit.o)
                              /usr/lib/gcc/avr/4.7.2/../../../avr/lib/avr4/crtm8.o (exit)
/usr/lib/gcc/avr/4.7.2/avr4/libgcc.a(_copy_data.o)
                              rev2.o (__do_copy_data)
/usr/lib/gcc/avr/4.7.2/avr4/libgcc.a(_clear_bss.o)
                              rev2.o (__do_clear_bss)
/usr/lib/gcc/avr/4.7.2/avr4/libgcc.a(_fixunssfsi.o)
                              rev2.o (__fixunssfsi)
/usr/lib/gcc/avr/4.7.2/avr4/libgcc.a(_addsub_sf.o)
                              /usr/lib/gcc/avr/4.7.2/avr4/libgcc.a(_fixunssfsi.o) (__subsf3)
/usr/lib/gcc/avr/4.7.2/avr4/libgcc.a(_mul_sf.o)
                              rev2.o (__mulsf3)
/usr/lib/gcc/avr/4.7.2/avr4/libgcc.a(_div_sf.o)
                              rev2.o (__divsf3)
/usr/lib/gcc/avr/4.7.2/avr4/libgcc.a(_ge_sf.o)
                              /usr/lib/gcc/avr/4.7.2/avr4/libgcc.a(_fixunssfsi.o) (__gesf2)
/usr/lib/gcc/avr/4.7.2/avr4/libgcc.a(_sf_to_si.o)
                              /usr/lib/gcc/avr/4.7.2/avr4/libgcc.a(_fixunssfsi.o) (__fixsfsi)
/usr/lib/gcc/avr/4.7.2/avr4/libgcc.a(_thenan_sf.o)
                              /usr/lib/gcc/avr/4.7.2/avr4/libgcc.a(_addsub_sf.o) (__thenan_sf)
/usr/lib/gcc/avr/4.7.2/avr4/libgcc.a(_usi_to_sf.o)
                              rev2.o (__floatunsisf)
/usr/lib/gcc/avr/4.7.2/avr4/libgcc.a(_prologue.o)
                              /usr/lib/gcc/avr/4.7.2/avr4/libgcc.a(_addsub_sf.o) (__prologue_saves__)
/usr/lib/gcc/avr/4.7.2/avr4/libgcc.a(_epilogue.o)
                              /usr/lib/gcc/avr/4.7.2/avr4/libgcc.a(_addsub_sf.o) (__epilogue_restores__)
/usr/lib/gcc/avr/4.7.2/avr4/libgcc.a(_clzsi2.o)
                              /usr/lib/gcc/avr/4.7.2/avr4/libgcc.a(_usi_to_sf.o) (__clzsi2)
/usr/lib/gcc/avr/4.7.2/avr4/libgcc.a(_clzhi2.o)
                              /usr/lib/gcc/avr/4.7.2/avr4/libgcc.a(_clzsi2.o) (__clzhi2)
/usr/lib/gcc/avr/4.7.2/avr4/libgcc.a(_pack_sf.o)
                              /usr/lib/gcc/avr/4.7.2/avr4/libgcc.a(_addsub_sf.o) (__pack_f)
/usr/lib/gcc/avr/4.7.2/avr4/libgcc.a(_unpack_sf.o)
                              /usr/lib/gcc/avr/4.7.2/avr4/libgcc.a(_addsub_sf.o) (__unpack_f)
/usr/lib/gcc/avr/4.7.2/avr4/libgcc.a(_fpcmp_parts_sf.o)
                              /usr/lib/gcc/avr/4.7.2/avr4/libgcc.a(_ge_sf.o) (__fpcmp_parts_f)
/usr/lib/gcc/avr/4.7.2/../../../avr/lib/avr4/libc.a(sprintf.o)
                              LCD.o (sprintf)
/usr/lib/gcc/avr/4.7.2/../../../avr/lib/avr4/libc.a(vfprintf_std.o)
                              /usr/lib/gcc/avr/4.7.2/../../../avr/lib/avr4/libc.a(sprintf.o) (vfprintf)
/usr/lib/gcc/avr/4.7.2/../../../avr/lib/avr4/libc.a(strnlen_P.o)
                              /usr/lib/gcc/avr/4.7.2/../../../avr/lib/avr4/libc.a(vfprintf_std.o) (strnlen_P)
/usr/lib/gcc/avr/4.7.2/../../../avr/lib/avr4/libc.a(strnlen.o)
                              /usr/lib/gcc/avr/4.7.2/../../../avr/lib/avr4/libc.a(vfprintf_std.o) (strnlen)
/usr/lib/gcc/avr/4.7.2/../../../avr/lib/avr4/libc.a(fputc.o)
                              /usr/lib/gcc/avr/4.7.2/../../../avr/lib/avr4/libc.a(vfprintf_std.o) (fputc)
/usr/lib/gcc/avr/4.7.2/../../../avr/lib/avr4/libc.a(ultoa_invert.o)
                              /usr/lib/gcc/avr/4.7.2/../../../avr/lib/avr4/libc.a(vfprintf_std.o) (__ultoa_invert)

Allocating common symbols
Common symbol       size              file

SW_encoderState     0x1               rev2.o

Memory Configuration

Name             Origin             Length             Attributes
text             0x0000000000000000 0x0000000000002000 xr
data             0x0000000000800060 0x000000000000ffa0 rw !x
eeprom           0x0000000000810000 0x0000000000010000 rw !x
fuse             0x0000000000820000 0x0000000000000400 rw !x
lock             0x0000000000830000 0x0000000000000400 rw !x
signature        0x0000000000840000 0x0000000000000400 rw !x
*default*        0x0000000000000000 0xffffffffffffffff

Linker script and memory map

LOAD /usr/lib/gcc/avr/4.7.2/../../../avr/lib/avr4/crtm8.o
LOAD /usr/lib/gcc/avr/4.7.2/../../../avr/lib/avr4/libm.a
LOAD rev2.o
LOAD LCD.o
LOAD SW.o
LOAD ADC.o
LOAD USART.o
LOAD /usr/lib/gcc/avr/4.7.2/avr4/libgcc.a
LOAD /usr/lib/gcc/avr/4.7.2/../../../avr/lib/avr4/libc.a
LOAD /usr/lib/gcc/avr/4.7.2/avr4/libgcc.a

.hash
 *(.hash)

.dynsym
 *(.dynsym)

.dynstr
 *(.dynstr)

.gnu.version
 *(.gnu.version)

.gnu.version_d
 *(.gnu.version_d)

.gnu.version_r
 *(.gnu.version_r)

.rel.init
 *(.rel.init)

.rela.init
 *(.rela.init)

.rel.text
 *(.rel.text)
 *(.rel.text.*)
 *(.rel.gnu.linkonce.t*)

.rela.text
 *(.rela.text)
 *(.rela.text.*)
 *(.rela.gnu.linkonce.t*)

.rel.fini
 *(.rel.fini)

.rela.fini
 *(.rela.fini)

.rel.rodata
 *(.rel.rodata)
 *(.rel.rodata.*)
 *(.rel.gnu.linkonce.r*)

.rela.rodata
 *(.rela.rodata)
 *(.rela.rodata.*)
 *(.rela.gnu.linkonce.r*)

.rel.data
 *(.rel.data)
 *(.rel.data.*)
 *(.rel.gnu.linkonce.d*)

.rela.data
 *(.rela.data)
 *(.rela.data.*)
 *(.rela.gnu.linkonce.d*)

.rel.ctors
 *(.rel.ctors)

.rela.ctors
 *(.rela.ctors)

.rel.dtors
 *(.rel.dtors)

.rela.dtors
 *(.rela.dtors)

.rel.got
 *(.rel.got)

.rela.got
 *(.rela.got)

.rel.bss
 *(.rel.bss)

.rela.bss
 *(.rela.bss)

.rel.plt
 *(.rel.plt)

.rela.plt
 *(.rela.plt)

.text           0x0000000000000000     0x1a8c
 *(.vectors)
 .vectors       0x0000000000000000       0x26 /usr/lib/gcc/avr/4.7.2/../../../avr/lib/avr4/crtm8.o
                0x0000000000000000                __vectors
                0x0000000000000000                __vector_default
 *(.vectors)
 *(.progmem.gcc*)
 *(.progmem*)
                0x0000000000000026                . = ALIGN (0x2)
                0x0000000000000026                __trampolines_start = .
 *(.trampolines)
 .trampolines   0x0000000000000026        0x0 linker stubs
 *(.trampolines*)
                0x0000000000000026                __trampolines_end = .
 *(.jumptables)
 *(.jumptables*)
 *(.lowtext)
 *(.lowtext*)
                0x0000000000000026                __ctors_start = .
 *(.ctors)
                0x0000000000000026                __ctors_end = .
                0x0000000000000026                __dtors_start = .
 *(.dtors)
                0x0000000000000026                __dtors_end = .
 SORT(*)(.ctors)
 SORT(*)(.dtors)
 *(.init0)
 .init0         0x0000000000000026        0x0 /usr/lib/gcc/avr/4.7.2/../../../avr/lib/avr4/crtm8.o
                0x0000000000000026                __init
 *(.init0)
 *(.init1)
 *(.init1)
 *(.init2)
 .init2         0x0000000000000026        0xc /usr/lib/gcc/avr/4.7.2/../../../avr/lib/avr4/crtm8.o
 *(.init2)
 *(.init3)
 *(.init3)
 *(.init4)
 .init4         0x0000000000000032       0x16 /usr/lib/gcc/avr/4.7.2/avr4/libgcc.a(_copy_data.o)
                0x0000000000000032                __do_copy_data
 .init4         0x0000000000000048       0x10 /usr/lib/gcc/avr/4.7.2/avr4/libgcc.a(_clear_bss.o)
                0x0000000000000048                __do_clear_bss
 *(.init4)
 *(.init5)
 *(.init5)
 *(.init6)
 *(.init6)
 *(.init7)
 *(.init7)
 *(.init8)
 *(.init8)
 *(.init9)
 .init9         0x0000000000000058        0x4 /usr/lib/gcc/avr/4.7.2/../../../avr/lib/avr4/crtm8.o
 *(.init9)
 *(.text)
 .text          0x000000000000005c        0x2 /usr/lib/gcc/avr/4.7.2/../../../avr/lib/avr4/crtm8.o
                0x000000000000005c                __vector_1
                0x000000000000005c                __vector_12
                0x000000000000005c                __bad_interrupt
                0x000000000000005c                __vector_6
                0x000000000000005c                __vector_3
                0x000000000000005c                __vector_11
                0x000000000000005c                __vector_13
                0x000000000000005c                __vector_17
                0x000000000000005c                __vector_7
                0x000000000000005c                __vector_5
                0x000000000000005c                __vector_4
                0x000000000000005c                __vector_9
                0x000000000000005c                __vector_2
                0x000000000000005c                __vector_15
                0x000000000000005c                __vector_8
                0x000000000000005c                __vector_10
                0x000000000000005c                __vector_16
                0x000000000000005c                __vector_18
 .text          0x000000000000005e      0x144 rev2.o
                0x000000000000005e                transferToDAC
                0x0000000000000088                MENU_Home
                0x00000000000000de                MENU_Backlight
 .text          0x00000000000001a2      0x1de LCD.o
                0x00000000000001c0                LCD_Initialize
                0x000000000000025e                LCD_Write
                0x00000000000002ae                LCD_WriteFloat
                0x000000000000031e                LCD_Cursor
                0x000000000000036a                LCD_Clear
 .text          0x0000000000000380      0x1ac SW.o
                0x0000000000000380                SW_Initialize
                0x00000000000003b2                SW_CheckEncoder
                0x00000000000003dc                SW_Check1
                0x0000000000000430                SW_Check2
                0x0000000000000484                SW_Check3
                0x00000000000004d8                SW_Check4
 .text          0x000000000000052c       0x48 ADC.o
                0x000000000000052c                ADC_initialize
                0x0000000000000542                __vector_14
 .text          0x0000000000000574       0xa6 USART.o
                0x0000000000000574                USART_Initialize
                0x0000000000000584                USART_TransmitChar
                0x000000000000058c                USART_Transmit
 .text          0x000000000000061a        0x0 /usr/lib/gcc/avr/4.7.2/avr4/libgcc.a(_udivmodhi4.o)
 .text          0x000000000000061a        0x0 /usr/lib/gcc/avr/4.7.2/avr4/libgcc.a(_exit.o)
 .text          0x000000000000061a        0x0 /usr/lib/gcc/avr/4.7.2/avr4/libgcc.a(_copy_data.o)
 .text          0x000000000000061a        0x0 /usr/lib/gcc/avr/4.7.2/avr4/libgcc.a(_clear_bss.o)
 .text          0x000000000000061a       0x52 /usr/lib/gcc/avr/4.7.2/avr4/libgcc.a(_fixunssfsi.o)
                0x000000000000061a                __fixunssfsi
 .text          0x000000000000066c      0x354 /usr/lib/gcc/avr/4.7.2/avr4/libgcc.a(_addsub_sf.o)
                0x0000000000000920                __addsf3
                0x000000000000096c                __subsf3
 .text          0x00000000000009c0      0x1c0 /usr/lib/gcc/avr/4.7.2/avr4/libgcc.a(_mul_sf.o)
                0x00000000000009c0                __mulsf3
 .text          0x0000000000000b80      0x13c /usr/lib/gcc/avr/4.7.2/avr4/libgcc.a(_div_sf.o)
                0x0000000000000b80                __divsf3
 .text          0x0000000000000cbc       0x54 /usr/lib/gcc/avr/4.7.2/avr4/libgcc.a(_ge_sf.o)
                0x0000000000000cbc                __gesf2
 .text          0x0000000000000d10       0x98 /usr/lib/gcc/avr/4.7.2/avr4/libgcc.a(_sf_to_si.o)
                0x0000000000000d10                __fixsfsi
 .text          0x0000000000000da8        0x0 /usr/lib/gcc/avr/4.7.2/avr4/libgcc.a(_thenan_sf.o)
 .text          0x0000000000000da8       0xe4 /usr/lib/gcc/avr/4.7.2/avr4/libgcc.a(_usi_to_sf.o)
                0x0000000000000da8                __floatunsisf
 .text          0x0000000000000e8c        0x0 /usr/lib/gcc/avr/4.7.2/avr4/libgcc.a(_prologue.o)
 .text          0x0000000000000e8c        0x0 /usr/lib/gcc/avr/4.7.2/avr4/libgcc.a(_epilogue.o)
 .text          0x0000000000000e8c        0x0 /usr/lib/gcc/avr/4.7.2/avr4/libgcc.a(_clzsi2.o)
 .text          0x0000000000000e8c        0x0 /usr/lib/gcc/avr/4.7.2/avr4/libgcc.a(_clzhi2.o)
 .text          0x0000000000000e8c      0x194 /usr/lib/gcc/avr/4.7.2/avr4/libgcc.a(_pack_sf.o)
                0x0000000000000e8c                __pack_f
 .text          0x0000000000001020       0xde /usr/lib/gcc/avr/4.7.2/avr4/libgcc.a(_unpack_sf.o)
                0x0000000000001020                __unpack_f
 .text          0x00000000000010fe       0xc2 /usr/lib/gcc/avr/4.7.2/avr4/libgcc.a(_fpcmp_parts_sf.o)
                0x00000000000010fe                __fpcmp_parts_f
 .text          0x00000000000011c0        0x0 /usr/lib/gcc/avr/4.7.2/../../../avr/lib/avr4/libc.a(sprintf.o)
 .text          0x00000000000011c0        0x0 /usr/lib/gcc/avr/4.7.2/../../../avr/lib/avr4/libc.a(vfprintf_std.o)
 .text          0x00000000000011c0        0x0 /usr/lib/gcc/avr/4.7.2/../../../avr/lib/avr4/libc.a(strnlen_P.o)
 .text          0x00000000000011c0        0x0 /usr/lib/gcc/avr/4.7.2/../../../avr/lib/avr4/libc.a(strnlen.o)
 .text          0x00000000000011c0        0x0 /usr/lib/gcc/avr/4.7.2/../../../avr/lib/avr4/libc.a(fputc.o)
 .text          0x00000000000011c0        0x0 /usr/lib/gcc/avr/4.7.2/../../../avr/lib/avr4/libc.a(ultoa_invert.o)
                0x00000000000011c0                . = ALIGN (0x2)
 *(.text.*)
 .text.startup  0x00000000000011c0      0x2e2 rev2.o
                0x00000000000011c0                main
 .text.libgcc.mul
                0x00000000000014a2        0x0 /usr/lib/gcc/avr/4.7.2/avr4/libgcc.a(_udivmodhi4.o)
 .text.libgcc.div
                0x00000000000014a2       0x28 /usr/lib/gcc/avr/4.7.2/avr4/libgcc.a(_udivmodhi4.o)
                0x00000000000014a2                __udivmodhi4
 .text.libgcc   0x00000000000014ca        0x0 /usr/lib/gcc/avr/4.7.2/avr4/libgcc.a(_udivmodhi4.o)
 .text.libgcc.prologue
                0x00000000000014ca        0x0 /usr/lib/gcc/avr/4.7.2/avr4/libgcc.a(_udivmodhi4.o)
 .text.libgcc.builtins
                0x00000000000014ca        0x0 /usr/lib/gcc/avr/4.7.2/avr4/libgcc.a(_udivmodhi4.o)
 .text.libgcc.fmul
                0x00000000000014ca        0x0 /usr/lib/gcc/avr/4.7.2/avr4/libgcc.a(_udivmodhi4.o)
 .text.libgcc.mul
                0x00000000000014ca        0x0 /usr/lib/gcc/avr/4.7.2/avr4/libgcc.a(_exit.o)
 .text.libgcc.div
                0x00000000000014ca        0x0 /usr/lib/gcc/avr/4.7.2/avr4/libgcc.a(_exit.o)
 .text.libgcc   0x00000000000014ca        0x0 /usr/lib/gcc/avr/4.7.2/avr4/libgcc.a(_exit.o)
 .text.libgcc.prologue
                0x00000000000014ca        0x0 /usr/lib/gcc/avr/4.7.2/avr4/libgcc.a(_exit.o)
 .text.libgcc.builtins
                0x00000000000014ca        0x0 /usr/lib/gcc/avr/4.7.2/avr4/libgcc.a(_exit.o)
 .text.libgcc.fmul
                0x00000000000014ca        0x0 /usr/lib/gcc/avr/4.7.2/avr4/libgcc.a(_exit.o)
 .text.libgcc.mul
                0x00000000000014ca        0x0 /usr/lib/gcc/avr/4.7.2/avr4/libgcc.a(_copy_data.o)
 .text.libgcc.div
                0x00000000000014ca        0x0 /usr/lib/gcc/avr/4.7.2/avr4/libgcc.a(_copy_data.o)
 .text.libgcc   0x00000000000014ca        0x0 /usr/lib/gcc/avr/4.7.2/avr4/libgcc.a(_copy_data.o)
 .text.libgcc.prologue
                0x00000000000014ca        0x0 /usr/lib/gcc/avr/4.7.2/avr4/libgcc.a(_copy_data.o)
 .text.libgcc.builtins
                0x00000000000014ca        0x0 /usr/lib/gcc/avr/4.7.2/avr4/libgcc.a(_copy_data.o)
 .text.libgcc.fmul
                0x00000000000014ca        0x0 /usr/lib/gcc/avr/4.7.2/avr4/libgcc.a(_copy_data.o)
 .text.libgcc.mul
                0x00000000000014ca        0x0 /usr/lib/gcc/avr/4.7.2/avr4/libgcc.a(_clear_bss.o)
 .text.libgcc.div
                0x00000000000014ca        0x0 /usr/lib/gcc/avr/4.7.2/avr4/libgcc.a(_clear_bss.o)
 .text.libgcc   0x00000000000014ca        0x0 /usr/lib/gcc/avr/4.7.2/avr4/libgcc.a(_clear_bss.o)
 .text.libgcc.prologue
                0x00000000000014ca        0x0 /usr/lib/gcc/avr/4.7.2/avr4/libgcc.a(_clear_bss.o)
 .text.libgcc.builtins
                0x00000000000014ca        0x0 /usr/lib/gcc/avr/4.7.2/avr4/libgcc.a(_clear_bss.o)
 .text.libgcc.fmul
                0x00000000000014ca        0x0 /usr/lib/gcc/avr/4.7.2/avr4/libgcc.a(_clear_bss.o)
 .text.libgcc.mul
                0x00000000000014ca        0x0 /usr/lib/gcc/avr/4.7.2/avr4/libgcc.a(_prologue.o)
 .text.libgcc.div
                0x00000000000014ca        0x0 /usr/lib/gcc/avr/4.7.2/avr4/libgcc.a(_prologue.o)
 .text.libgcc   0x00000000000014ca        0x0 /usr/lib/gcc/avr/4.7.2/avr4/libgcc.a(_prologue.o)
 .text.libgcc.prologue
                0x00000000000014ca       0x38 /usr/lib/gcc/avr/4.7.2/avr4/libgcc.a(_prologue.o)
                0x00000000000014ca                __prologue_saves__
 .text.libgcc.builtins
                0x0000000000001502        0x0 /usr/lib/gcc/avr/4.7.2/avr4/libgcc.a(_prologue.o)
 .text.libgcc.fmul
                0x0000000000001502        0x0 /usr/lib/gcc/avr/4.7.2/avr4/libgcc.a(_prologue.o)
 .text.libgcc.mul
                0x0000000000001502        0x0 /usr/lib/gcc/avr/4.7.2/avr4/libgcc.a(_epilogue.o)
 .text.libgcc.div
                0x0000000000001502        0x0 /usr/lib/gcc/avr/4.7.2/avr4/libgcc.a(_epilogue.o)
 .text.libgcc   0x0000000000001502        0x0 /usr/lib/gcc/avr/4.7.2/avr4/libgcc.a(_epilogue.o)
 .text.libgcc.prologue
                0x0000000000001502       0x36 /usr/lib/gcc/avr/4.7.2/avr4/libgcc.a(_epilogue.o)
                0x0000000000001502                __epilogue_restores__
 .text.libgcc.builtins
                0x0000000000001538        0x0 /usr/lib/gcc/avr/4.7.2/avr4/libgcc.a(_epilogue.o)
 .text.libgcc.fmul
                0x0000000000001538        0x0 /usr/lib/gcc/avr/4.7.2/avr4/libgcc.a(_epilogue.o)
 .text.libgcc.mul
                0x0000000000001538        0x0 /usr/lib/gcc/avr/4.7.2/avr4/libgcc.a(_clzsi2.o)
 .text.libgcc.div
                0x0000000000001538        0x0 /usr/lib/gcc/avr/4.7.2/avr4/libgcc.a(_clzsi2.o)
 .text.libgcc   0x0000000000001538        0x0 /usr/lib/gcc/avr/4.7.2/avr4/libgcc.a(_clzsi2.o)
 .text.libgcc.prologue
                0x0000000000001538        0x0 /usr/lib/gcc/avr/4.7.2/avr4/libgcc.a(_clzsi2.o)
 .text.libgcc.builtins
                0x0000000000001538        0xe /usr/lib/gcc/avr/4.7.2/avr4/libgcc.a(_clzsi2.o)
                0x0000000000001538                __clzsi2
 .text.libgcc.fmul
                0x0000000000001546        0x0 /usr/lib/gcc/avr/4.7.2/avr4/libgcc.a(_clzsi2.o)
 .text.libgcc.mul
                0x0000000000001546        0x0 /usr/lib/gcc/avr/4.7.2/avr4/libgcc.a(_clzhi2.o)
 .text.libgcc.div
                0x0000000000001546        0x0 /usr/lib/gcc/avr/4.7.2/avr4/libgcc.a(_clzhi2.o)
 .text.libgcc   0x0000000000001546        0x0 /usr/lib/gcc/avr/4.7.2/avr4/libgcc.a(_clzhi2.o)
 .text.libgcc.prologue
                0x0000000000001546        0x0 /usr/lib/gcc/avr/4.7.2/avr4/libgcc.a(_clzhi2.o)
 .text.libgcc.builtins
                0x0000000000001546       0x24 /usr/lib/gcc/avr/4.7.2/avr4/libgcc.a(_clzhi2.o)
                0x0000000000001546                __clzhi2
 .text.libgcc.fmul
                0x000000000000156a        0x0 /usr/lib/gcc/avr/4.7.2/avr4/libgcc.a(_clzhi2.o)
 .text.avr-libc
                0x000000000000156a       0x42 /usr/lib/gcc/avr/4.7.2/../../../avr/lib/avr4/libc.a(sprintf.o)
                0x000000000000156a                sprintf
 .text.avr-libc
                0x00000000000015ac      0x39c /usr/lib/gcc/avr/4.7.2/../../../avr/lib/avr4/libc.a(vfprintf_std.o)
                0x00000000000015ac                vfprintf
 .text.avr-libc
                0x0000000000001948       0x16 /usr/lib/gcc/avr/4.7.2/../../../avr/lib/avr4/libc.a(strnlen_P.o)
                0x0000000000001948                strnlen_P
 .text.avr-libc
                0x000000000000195e       0x16 /usr/lib/gcc/avr/4.7.2/../../../avr/lib/avr4/libc.a(strnlen.o)
                0x000000000000195e                strnlen
 .text.avr-libc
                0x0000000000001974       0x58 /usr/lib/gcc/avr/4.7.2/../../../avr/lib/avr4/libc.a(fputc.o)
                0x0000000000001974                fputc
 .text.avr-libc
                0x00000000000019cc       0xbc /usr/lib/gcc/avr/4.7.2/../../../avr/lib/avr4/libc.a(ultoa_invert.o)
                0x00000000000019cc                __ultoa_invert
                0x0000000000001a88                . = ALIGN (0x2)
 *(.fini9)
 .fini9         0x0000000000001a88        0x0 /usr/lib/gcc/avr/4.7.2/avr4/libgcc.a(_exit.o)
                0x0000000000001a88                exit
                0x0000000000001a88                _exit
 *(.fini9)
 *(.fini8)
 *(.fini8)
 *(.fini7)
 *(.fini7)
 *(.fini6)
 *(.fini6)
 *(.fini5)
 *(.fini5)
 *(.fini4)
 *(.fini4)
 *(.fini3)
 *(.fini3)
 *(.fini2)
 *(.fini2)
 *(.fini1)
 *(.fini1)
 *(.fini0)
 .fini0         0x0000000000001a88        0x4 /usr/lib/gcc/avr/4.7.2/avr4/libgcc.a(_exit.o)
 *(.fini0)
                0x0000000000001a8c                _etext = .

.data           0x0000000000800060       0x72 load address 0x0000000000001a8c
                0x0000000000800060                PROVIDE (__data_start, .)
 *(.data)
 .data          0x0000000000800060        0x0 /usr/lib/gcc/avr/4.7.2/../../../avr/lib/avr4/crtm8.o
 .data          0x0000000000800060        0x1 rev2.o
                0x0000000000800060                backlight
 .data          0x0000000000800061        0x0 LCD.o
 .data          0x0000000000800061        0x2 SW.o
                0x0000000000800061                encoderControls
                0x0000000000800062                SW_state
 .data          0x0000000000800063        0x0 ADC.o
 .data          0x0000000000800063        0x0 USART.o
 .data          0x0000000000800063        0x0 /usr/lib/gcc/avr/4.7.2/avr4/libgcc.a(_udivmodhi4.o)
 .data          0x0000000000800063        0x0 /usr/lib/gcc/avr/4.7.2/avr4/libgcc.a(_exit.o)
 .data          0x0000000000800063        0x0 /usr/lib/gcc/avr/4.7.2/avr4/libgcc.a(_copy_data.o)
 .data          0x0000000000800063        0x0 /usr/lib/gcc/avr/4.7.2/avr4/libgcc.a(_clear_bss.o)
 .data          0x0000000000800063        0x0 /usr/lib/gcc/avr/4.7.2/avr4/libgcc.a(_fixunssfsi.o)
 .data          0x0000000000800063        0x0 /usr/lib/gcc/avr/4.7.2/avr4/libgcc.a(_addsub_sf.o)
 .data          0x0000000000800063        0x0 /usr/lib/gcc/avr/4.7.2/avr4/libgcc.a(_mul_sf.o)
 .data          0x0000000000800063        0x0 /usr/lib/gcc/avr/4.7.2/avr4/libgcc.a(_div_sf.o)
 .data          0x0000000000800063        0x0 /usr/lib/gcc/avr/4.7.2/avr4/libgcc.a(_ge_sf.o)
 .data          0x0000000000800063        0x0 /usr/lib/gcc/avr/4.7.2/avr4/libgcc.a(_sf_to_si.o)
 .data          0x0000000000800063        0x0 /usr/lib/gcc/avr/4.7.2/avr4/libgcc.a(_thenan_sf.o)
 .data          0x0000000000800063        0x0 /usr/lib/gcc/avr/4.7.2/avr4/libgcc.a(_usi_to_sf.o)
 .data          0x0000000000800063        0x0 /usr/lib/gcc/avr/4.7.2/avr4/libgcc.a(_prologue.o)
 .data          0x0000000000800063        0x0 /usr/lib/gcc/avr/4.7.2/avr4/libgcc.a(_epilogue.o)
 .data          0x0000000000800063        0x0 /usr/lib/gcc/avr/4.7.2/avr4/libgcc.a(_clzsi2.o)
 .data          0x0000000000800063        0x0 /usr/lib/gcc/avr/4.7.2/avr4/libgcc.a(_clzhi2.o)
 .data          0x0000000000800063        0x0 /usr/lib/gcc/avr/4.7.2/avr4/libgcc.a(_pack_sf.o)
 .data          0x0000000000800063        0x0 /usr/lib/gcc/avr/4.7.2/avr4/libgcc.a(_unpack_sf.o)
 .data          0x0000000000800063        0x0 /usr/lib/gcc/avr/4.7.2/avr4/libgcc.a(_fpcmp_parts_sf.o)
 .data          0x0000000000800063        0x0 /usr/lib/gcc/avr/4.7.2/../../../avr/lib/avr4/libc.a(sprintf.o)
 .data          0x0000000000800063        0x0 /usr/lib/gcc/avr/4.7.2/../../../avr/lib/avr4/libc.a(vfprintf_std.o)
 .data          0x0000000000800063        0x0 /usr/lib/gcc/avr/4.7.2/../../../avr/lib/avr4/libc.a(strnlen_P.o)
 .data          0x0000000000800063        0x0 /usr/lib/gcc/avr/4.7.2/../../../avr/lib/avr4/libc.a(strnlen.o)
 .data          0x0000000000800063        0x0 /usr/lib/gcc/avr/4.7.2/../../../avr/lib/avr4/libc.a(fputc.o)
 .data          0x0000000000800063        0x0 /usr/lib/gcc/avr/4.7.2/../../../avr/lib/avr4/libc.a(ultoa_invert.o)
 *(.data*)
 *(.rodata)
 .rodata        0x0000000000800063       0x18 SW.o
                0x0000000000800063                rotaryTable
 .rodata        0x000000000080007b        0x8 /usr/lib/gcc/avr/4.7.2/avr4/libgcc.a(_thenan_sf.o)
                0x000000000080007b                __thenan_sf
 *(.rodata*)
 .rodata.str1.1
                0x0000000000800083       0x3b rev2.o
                                         0x3d (size before relaxing)
 .rodata.str1.1
                0x00000000008000be        0x9 LCD.o
 .rodata.str1.1
                0x00000000008000c7        0xa USART.o
 *(.gnu.linkonce.d*)
                0x00000000008000d2                . = ALIGN (0x2)
 *fill*         0x00000000008000d1        0x1 00
                0x00000000008000d2                _edata = .
                0x00000000008000d2                PROVIDE (__data_end, .)

.bss            0x00000000008000d2        0x4
                0x00000000008000d2                PROVIDE (__bss_start, .)
 *(.bss)
 .bss           0x00000000008000d2        0x0 /usr/lib/gcc/avr/4.7.2/../../../avr/lib/avr4/crtm8.o
 .bss           0x00000000008000d2        0x0 rev2.o
 .bss           0x00000000008000d2        0x0 LCD.o
 .bss           0x00000000008000d2        0x0 SW.o
 .bss           0x00000000008000d2        0x3 ADC.o
                0x00000000008000d2                ADC_status
                0x00000000008000d3                ADC_reading
 .bss           0x00000000008000d5        0x0 USART.o
 .bss           0x00000000008000d5        0x0 /usr/lib/gcc/avr/4.7.2/avr4/libgcc.a(_udivmodhi4.o)
 .bss           0x00000000008000d5        0x0 /usr/lib/gcc/avr/4.7.2/avr4/libgcc.a(_exit.o)
 .bss           0x00000000008000d5        0x0 /usr/lib/gcc/avr/4.7.2/avr4/libgcc.a(_copy_data.o)
 .bss           0x00000000008000d5        0x0 /usr/lib/gcc/avr/4.7.2/avr4/libgcc.a(_clear_bss.o)
 .bss           0x00000000008000d5        0x0 /usr/lib/gcc/avr/4.7.2/avr4/libgcc.a(_fixunssfsi.o)
 .bss           0x00000000008000d5        0x0 /usr/lib/gcc/avr/4.7.2/avr4/libgcc.a(_addsub_sf.o)
 .bss           0x00000000008000d5        0x0 /usr/lib/gcc/avr/4.7.2/avr4/libgcc.a(_mul_sf.o)
 .bss           0x00000000008000d5        0x0 /usr/lib/gcc/avr/4.7.2/avr4/libgcc.a(_div_sf.o)
 .bss           0x00000000008000d5        0x0 /usr/lib/gcc/avr/4.7.2/avr4/libgcc.a(_ge_sf.o)
 .bss           0x00000000008000d5        0x0 /usr/lib/gcc/avr/4.7.2/avr4/libgcc.a(_sf_to_si.o)
 .bss           0x00000000008000d5        0x0 /usr/lib/gcc/avr/4.7.2/avr4/libgcc.a(_thenan_sf.o)
 .bss           0x00000000008000d5        0x0 /usr/lib/gcc/avr/4.7.2/avr4/libgcc.a(_usi_to_sf.o)
 .bss           0x00000000008000d5        0x0 /usr/lib/gcc/avr/4.7.2/avr4/libgcc.a(_prologue.o)
 .bss           0x00000000008000d5        0x0 /usr/lib/gcc/avr/4.7.2/avr4/libgcc.a(_epilogue.o)
 .bss           0x00000000008000d5        0x0 /usr/lib/gcc/avr/4.7.2/avr4/libgcc.a(_clzsi2.o)
 .bss           0x00000000008000d5        0x0 /usr/lib/gcc/avr/4.7.2/avr4/libgcc.a(_clzhi2.o)
 .bss           0x00000000008000d5        0x0 /usr/lib/gcc/avr/4.7.2/avr4/libgcc.a(_pack_sf.o)
 .bss           0x00000000008000d5        0x0 /usr/lib/gcc/avr/4.7.2/avr4/libgcc.a(_unpack_sf.o)
 .bss           0x00000000008000d5        0x0 /usr/lib/gcc/avr/4.7.2/avr4/libgcc.a(_fpcmp_parts_sf.o)
 .bss           0x00000000008000d5        0x0 /usr/lib/gcc/avr/4.7.2/../../../avr/lib/avr4/libc.a(sprintf.o)
 .bss           0x00000000008000d5        0x0 /usr/lib/gcc/avr/4.7.2/../../../avr/lib/avr4/libc.a(vfprintf_std.o)
 .bss           0x00000000008000d5        0x0 /usr/lib/gcc/avr/4.7.2/../../../avr/lib/avr4/libc.a(strnlen_P.o)
 .bss           0x00000000008000d5        0x0 /usr/lib/gcc/avr/4.7.2/../../../avr/lib/avr4/libc.a(strnlen.o)
 .bss           0x00000000008000d5        0x0 /usr/lib/gcc/avr/4.7.2/../../../avr/lib/avr4/libc.a(fputc.o)
 .bss           0x00000000008000d5        0x0 /usr/lib/gcc/avr/4.7.2/../../../avr/lib/avr4/libc.a(ultoa_invert.o)
 *(.bss*)
 *(COMMON)
 COMMON         0x00000000008000d5        0x1 rev2.o
                0x00000000008000d5                SW_encoderState
                0x00000000008000d6                PROVIDE (__bss_end, .)
                0x0000000000001a8c                __data_load_start = LOADADDR (.data)
                0x0000000000001afe                __data_load_end = (__data_load_start + SIZEOF (.data))

.noinit         0x00000000008000d6        0x0
                0x00000000008000d6                PROVIDE (__noinit_start, .)
 *(.noinit*)
                0x00000000008000d6                PROVIDE (__noinit_end, .)
                0x00000000008000d6                _end = .
                0x00000000008000d6                PROVIDE (__heap_start, .)

.eeprom         0x0000000000810000        0x0
 *(.eeprom*)
                0x0000000000810000                __eeprom_end = .

.fuse
 *(.fuse)
 *(.lfuse)
 *(.hfuse)
 *(.efuse)

.lock
 *(.lock*)

.signature
 *(.signature*)

.stab           0x0000000000000000     0x3da4
 *(.stab)
 .stab          0x0000000000000000      0x6cc /usr/lib/gcc/avr/4.7.2/../../../avr/lib/avr4/crtm8.o
 .stab          0x00000000000006cc      0xe04 rev2.o
                                        0xe10 (size before relaxing)
 .stab          0x00000000000014d0      0x750 LCD.o
                                        0x978 (size before relaxing)
 .stab          0x0000000000001c20      0x6b4 SW.o
                                        0x87c (size before relaxing)
 .stab          0x00000000000022d4      0x228 ADC.o
                                        0x3f0 (size before relaxing)
 .stab          0x00000000000024fc      0x300 USART.o
                                        0x51c (size before relaxing)
 .stab          0x00000000000027fc      0x3d8 /usr/lib/gcc/avr/4.7.2/../../../avr/lib/avr4/libc.a(sprintf.o)
                                        0x3e4 (size before relaxing)
 .stab          0x0000000000002bd4      0xa44 /usr/lib/gcc/avr/4.7.2/../../../avr/lib/avr4/libc.a(vfprintf_std.o)
                                        0xc24 (size before relaxing)
 .stab          0x0000000000003618       0x9c /usr/lib/gcc/avr/4.7.2/../../../avr/lib/avr4/libc.a(strnlen_P.o)
                                         0xa8 (size before relaxing)
 .stab          0x00000000000036b4       0x9c /usr/lib/gcc/avr/4.7.2/../../../avr/lib/avr4/libc.a(strnlen.o)
                                         0xa8 (size before relaxing)
 .stab          0x0000000000003750      0x1d4 /usr/lib/gcc/avr/4.7.2/../../../avr/lib/avr4/libc.a(fputc.o)
                                        0x3b4 (size before relaxing)
 .stab          0x0000000000003924      0x480 /usr/lib/gcc/avr/4.7.2/../../../avr/lib/avr4/libc.a(ultoa_invert.o)
                                        0x48c (size before relaxing)

.stabstr        0x0000000000000000     0x1517
 *(.stabstr)
 .stabstr       0x0000000000000000     0x1517 /usr/lib/gcc/avr/4.7.2/../../../avr/lib/avr4/crtm8.o

.stab.excl
 *(.stab.excl)

.stab.exclstr
 *(.stab.exclstr)

.stab.index
 *(.stab.index)

.stab.indexstr
 *(.stab.indexstr)

.comment        0x0000000000000000       0x22
 *(.comment)
 .comment       0x0000000000000000       0x11 rev2.o
                                         0x12 (size before relaxing)
 .comment       0x0000000000000000       0x12 LCD.o
 .comment       0x0000000000000000       0x12 SW.o
 .comment       0x0000000000000000       0x12 ADC.o
 .comment       0x0000000000000000       0x12 USART.o
 .comment       0x0000000000000000       0x12 /usr/lib/gcc/avr/4.7.2/avr4/libgcc.a(_fixunssfsi.o)
 .comment       0x0000000000000000       0x12 /usr/lib/gcc/avr/4.7.2/avr4/libgcc.a(_addsub_sf.o)
 .comment       0x0000000000000000       0x12 /usr/lib/gcc/avr/4.7.2/avr4/libgcc.a(_mul_sf.o)
 .comment       0x0000000000000000       0x12 /usr/lib/gcc/avr/4.7.2/avr4/libgcc.a(_div_sf.o)
 .comment       0x0000000000000000       0x12 /usr/lib/gcc/avr/4.7.2/avr4/libgcc.a(_ge_sf.o)
 .comment       0x0000000000000000       0x12 /usr/lib/gcc/avr/4.7.2/avr4/libgcc.a(_sf_to_si.o)
 .comment       0x0000000000000000       0x12 /usr/lib/gcc/avr/4.7.2/avr4/libgcc.a(_thenan_sf.o)
 .comment       0x0000000000000000       0x12 /usr/lib/gcc/avr/4.7.2/avr4/libgcc.a(_usi_to_sf.o)
 .comment       0x0000000000000000       0x12 /usr/lib/gcc/avr/4.7.2/avr4/libgcc.a(_pack_sf.o)
 .comment       0x0000000000000000       0x12 /usr/lib/gcc/avr/4.7.2/avr4/libgcc.a(_unpack_sf.o)
 .comment       0x0000000000000000       0x12 /usr/lib/gcc/avr/4.7.2/avr4/libgcc.a(_fpcmp_parts_sf.o)
 .comment       0x0000000000000011       0x11 /usr/lib/gcc/avr/4.7.2/../../../avr/lib/avr4/libc.a(sprintf.o)
                                         0x12 (size before relaxing)
 .comment       0x0000000000000000       0x12 /usr/lib/gcc/avr/4.7.2/../../../avr/lib/avr4/libc.a(vfprintf_std.o)
 .comment       0x0000000000000000       0x12 /usr/lib/gcc/avr/4.7.2/../../../avr/lib/avr4/libc.a(fputc.o)

.debug
 *(.debug)

.line
 *(.line)

.debug_srcinfo
 *(.debug_srcinfo)

.debug_sfnames
 *(.debug_sfnames)

.debug_aranges
 *(.debug_aranges)

.debug_pubnames
 *(.debug_pubnames)

.debug_info
 *(.debug_info)
 *(.gnu.linkonce.wi.*)

.debug_abbrev
 *(.debug_abbrev)

.debug_line
 *(.debug_line)

.debug_frame
 *(.debug_frame)

.debug_str
 *(.debug_str)

.debug_loc
 *(.debug_loc)

.debug_macinfo
 *(.debug_macinfo)
OUTPUT(rev2.out elf32-avr)
LOAD linker stubs
